Archive member included to satisfy reference by file (symbol)

/opt/st/stm32cubeide_1.13.0/plugins/com.st.stm32cube.ide.mcu.externaltools.gnu-tools-for-stm32.11.3.rel1.linux64_1.1.0.202305231506/tools/bin/../lib/gcc/arm-none-eabi/11.3.1/../../../../arm-none-eabi/lib/thumb/v7e-m+fp/hard/libc_nano.a(libc_a-exit.o)
                              /opt/st/stm32cubeide_1.13.0/plugins/com.st.stm32cube.ide.mcu.externaltools.gnu-tools-for-stm32.11.3.rel1.linux64_1.1.0.202305231506/tools/bin/../lib/gcc/arm-none-eabi/11.3.1/../../../../arm-none-eabi/lib/thumb/v7e-m+fp/hard/crt0.o (exit)
/opt/st/stm32cubeide_1.13.0/plugins/com.st.stm32cube.ide.mcu.externaltools.gnu-tools-for-stm32.11.3.rel1.linux64_1.1.0.202305231506/tools/bin/../lib/gcc/arm-none-eabi/11.3.1/../../../../arm-none-eabi/lib/thumb/v7e-m+fp/hard/libc_nano.a(libc_a-findfp.o)
                              /opt/st/stm32cubeide_1.13.0/plugins/com.st.stm32cube.ide.mcu.externaltools.gnu-tools-for-stm32.11.3.rel1.linux64_1.1.0.202305231506/tools/bin/../lib/gcc/arm-none-eabi/11.3.1/../../../../arm-none-eabi/lib/thumb/v7e-m+fp/hard/libc_nano.a(libc_a-exit.o) (__stdio_exit_handler)
/opt/st/stm32cubeide_1.13.0/plugins/com.st.stm32cube.ide.mcu.externaltools.gnu-tools-for-stm32.11.3.rel1.linux64_1.1.0.202305231506/tools/bin/../lib/gcc/arm-none-eabi/11.3.1/../../../../arm-none-eabi/lib/thumb/v7e-m+fp/hard/libc_nano.a(libc_a-fwalk.o)
                              /opt/st/stm32cubeide_1.13.0/plugins/com.st.stm32cube.ide.mcu.externaltools.gnu-tools-for-stm32.11.3.rel1.linux64_1.1.0.202305231506/tools/bin/../lib/gcc/arm-none-eabi/11.3.1/../../../../arm-none-eabi/lib/thumb/v7e-m+fp/hard/libc_nano.a(libc_a-findfp.o) (_fwalk_sglue)
/opt/st/stm32cubeide_1.13.0/plugins/com.st.stm32cube.ide.mcu.externaltools.gnu-tools-for-stm32.11.3.rel1.linux64_1.1.0.202305231506/tools/bin/../lib/gcc/arm-none-eabi/11.3.1/../../../../arm-none-eabi/lib/thumb/v7e-m+fp/hard/libc_nano.a(libc_a-stdio.o)
                              /opt/st/stm32cubeide_1.13.0/plugins/com.st.stm32cube.ide.mcu.externaltools.gnu-tools-for-stm32.11.3.rel1.linux64_1.1.0.202305231506/tools/bin/../lib/gcc/arm-none-eabi/11.3.1/../../../../arm-none-eabi/lib/thumb/v7e-m+fp/hard/libc_nano.a(libc_a-findfp.o) (__sread)
/opt/st/stm32cubeide_1.13.0/plugins/com.st.stm32cube.ide.mcu.externaltools.gnu-tools-for-stm32.11.3.rel1.linux64_1.1.0.202305231506/tools/bin/../lib/gcc/arm-none-eabi/11.3.1/../../../../arm-none-eabi/lib/thumb/v7e-m+fp/hard/libc_nano.a(libc_a-memset.o)
                              /opt/st/stm32cubeide_1.13.0/plugins/com.st.stm32cube.ide.mcu.externaltools.gnu-tools-for-stm32.11.3.rel1.linux64_1.1.0.202305231506/tools/bin/../lib/gcc/arm-none-eabi/11.3.1/../../../../arm-none-eabi/lib/thumb/v7e-m+fp/hard/crt0.o (memset)
/opt/st/stm32cubeide_1.13.0/plugins/com.st.stm32cube.ide.mcu.externaltools.gnu-tools-for-stm32.11.3.rel1.linux64_1.1.0.202305231506/tools/bin/../lib/gcc/arm-none-eabi/11.3.1/../../../../arm-none-eabi/lib/thumb/v7e-m+fp/hard/libc_nano.a(libc_a-closer.o)
                              /opt/st/stm32cubeide_1.13.0/plugins/com.st.stm32cube.ide.mcu.externaltools.gnu-tools-for-stm32.11.3.rel1.linux64_1.1.0.202305231506/tools/bin/../lib/gcc/arm-none-eabi/11.3.1/../../../../arm-none-eabi/lib/thumb/v7e-m+fp/hard/libc_nano.a(libc_a-stdio.o) (_close_r)
/opt/st/stm32cubeide_1.13.0/plugins/com.st.stm32cube.ide.mcu.externaltools.gnu-tools-for-stm32.11.3.rel1.linux64_1.1.0.202305231506/tools/bin/../lib/gcc/arm-none-eabi/11.3.1/../../../../arm-none-eabi/lib/thumb/v7e-m+fp/hard/libc_nano.a(libc_a-reent.o)
                              /opt/st/stm32cubeide_1.13.0/plugins/com.st.stm32cube.ide.mcu.externaltools.gnu-tools-for-stm32.11.3.rel1.linux64_1.1.0.202305231506/tools/bin/../lib/gcc/arm-none-eabi/11.3.1/../../../../arm-none-eabi/lib/thumb/v7e-m+fp/hard/libc_nano.a(libc_a-closer.o) (errno)
/opt/st/stm32cubeide_1.13.0/plugins/com.st.stm32cube.ide.mcu.externaltools.gnu-tools-for-stm32.11.3.rel1.linux64_1.1.0.202305231506/tools/bin/../lib/gcc/arm-none-eabi/11.3.1/../../../../arm-none-eabi/lib/thumb/v7e-m+fp/hard/libc_nano.a(libc_a-impure.o)
                              /opt/st/stm32cubeide_1.13.0/plugins/com.st.stm32cube.ide.mcu.externaltools.gnu-tools-for-stm32.11.3.rel1.linux64_1.1.0.202305231506/tools/bin/../lib/gcc/arm-none-eabi/11.3.1/../../../../arm-none-eabi/lib/thumb/v7e-m+fp/hard/libc_nano.a(libc_a-reent.o) (_impure_ptr)
/opt/st/stm32cubeide_1.13.0/plugins/com.st.stm32cube.ide.mcu.externaltools.gnu-tools-for-stm32.11.3.rel1.linux64_1.1.0.202305231506/tools/bin/../lib/gcc/arm-none-eabi/11.3.1/../../../../arm-none-eabi/lib/thumb/v7e-m+fp/hard/libc_nano.a(libc_a-lseekr.o)
                              /opt/st/stm32cubeide_1.13.0/plugins/com.st.stm32cube.ide.mcu.externaltools.gnu-tools-for-stm32.11.3.rel1.linux64_1.1.0.202305231506/tools/bin/../lib/gcc/arm-none-eabi/11.3.1/../../../../arm-none-eabi/lib/thumb/v7e-m+fp/hard/libc_nano.a(libc_a-stdio.o) (_lseek_r)
[...]
Memory Configuration

Name             Origin             Length             Attributes
RAM              0x0000000020000000 0x0000000000020000 xrw
FLASH            0x0000000008000000 0x0000000000080000 xr
*default*        0x0000000000000000 0xffffffffffffffff

Linker script and memory map

LOAD /opt/st/stm32cubeide_1.13.0/plugins/com.st.stm32cube.ide.mcu.externaltools.gnu-tools-for-stm32.11.3.rel1.linux64_1.1.0.202305231506/tools/bin/../lib/gcc/arm-none-eabi/11.3.1/thumb/v7e-m+fp/hard/crti.o
LOAD /opt/st/stm32cubeide_1.13.0/plugins/com.st.stm32cube.ide.mcu.externaltools.gnu-tools-for-stm32.11.3.rel1.linux64_1.1.0.202305231506/tools/bin/../lib/gcc/arm-none-eabi/11.3.1/thumb/v7e-m+fp/hard/crtbegin.o
LOAD /opt/st/stm32cubeide_1.13.0/plugins/com.st.stm32cube.ide.mcu.externaltools.gnu-tools-for-stm32.11.3.rel1.linux64_1.1.0.202305231506/tools/bin/../lib/gcc/arm-none-eabi/11.3.1/../../../../arm-none-eabi/lib/thumb/v7e-m+fp/hard/crt0.o
LOAD ./Core/Src/client.o
LOAD ./Core/Src/dma.o
LOAD ./Core/Src/gpio.o
LOAD ./Core/Src/lora.o
LOAD ./Core/Src/main.o
LOAD ./Core/Src/stm32f4xx_hal_msp.o
LOAD ./Core/Src/stm32f4xx_it.o
LOAD ./Core/Src/syscalls.o
LOAD ./Core/Src/sysmem.o
LOAD ./Core/Src/system_stm32f4xx.o
LOAD ./Core/Src/usart.o
LOAD ./Core/Startup/startup_stm32f411ceux.o
LOAD ./Drivers/STM32F4xx_HAL_Driver/Src/stm32f4xx_hal.o
LOAD ./Drivers/STM32F4xx_HAL_Driver/Src/stm32f4xx_hal_cortex.o
LOAD ./Drivers/STM32F4xx_HAL_Driver/Src/stm32f4xx_hal_dma.o
LOAD ./Drivers/STM32F4xx_HAL_Driver/Src/stm32f4xx_hal_dma_ex.o
LOAD ./Drivers/STM32F4xx_HAL_Driver/Src/stm32f4xx_hal_exti.o
LOAD ./Drivers/STM32F4xx_HAL_Driver/Src/stm32f4xx_hal_flash.o
LOAD ./Drivers/STM32F4xx_HAL_Driver/Src/stm32f4xx_hal_flash_ex.o
LOAD ./Drivers/STM32F4xx_HAL_Driver/Src/stm32f4xx_hal_flash_ramfunc.o
LOAD ./Drivers/STM32F4xx_HAL_Driver/Src/stm32f4xx_hal_gpio.o
LOAD ./Drivers/STM32F4xx_HAL_Driver/Src/stm32f4xx_hal_pwr.o
LOAD ./Drivers/STM32F4xx_HAL_Driver/Src/stm32f4xx_hal_pwr_ex.o
LOAD ./Drivers/STM32F4xx_HAL_Driver/Src/stm32f4xx_hal_rcc.o
LOAD ./Drivers/STM32F4xx_HAL_Driver/Src/stm32f4xx_hal_rcc_ex.o
LOAD ./Drivers/STM32F4xx_HAL_Driver/Src/stm32f4xx_hal_tim.o
LOAD ./Drivers/STM32F4xx_HAL_Driver/Src/stm32f4xx_hal_tim_ex.o
LOAD ./Drivers/STM32F4xx_HAL_Driver/Src/stm32f4xx_hal_uart.o
START GROUP
LOAD /opt/st/stm32cubeide_1.13.0/plugins/com.st.stm32cube.ide.mcu.externaltools.gnu-tools-for-stm32.11.3.rel1.linux64_1.1.0.202305231506/tools/bin/../lib/gcc/arm-none-eabi/11.3.1/../../../../arm-none-eabi/lib/thumb/v7e-m+fp/hard/libc_nano.a
LOAD /opt/st/stm32cubeide_1.13.0/plugins/com.st.stm32cube.ide.mcu.externaltools.gnu-tools-for-stm32.11.3.rel1.linux64_1.1.0.202305231506/tools/bin/../lib/gcc/arm-none-eabi/11.3.1/../../../../arm-none-eabi/lib/thumb/v7e-m+fp/hard/libm.a
END GROUP
START GROUP
LOAD /opt/st/stm32cubeide_1.13.0/plugins/com.st.stm32cube.ide.mcu.externaltools.gnu-tools-for-stm32.11.3.rel1.linux64_1.1.0.202305231506/tools/bin/../lib/gcc/arm-none-eabi/11.3.1/thumb/v7e-m+fp/hard/libgcc.a
LOAD /opt/st/stm32cubeide_1.13.0/plugins/com.st.stm32cube.ide.mcu.externaltools.gnu-tools-for-stm32.11.3.rel1.linux64_1.1.0.202305231506/tools/bin/../lib/gcc/arm-none-eabi/11.3.1/../../../../arm-none-eabi/lib/thumb/v7e-m+fp/hard/libc_nano.a
END GROUP
START GROUP
LOAD /opt/st/stm32cubeide_1.13.0/plugins/com.st.stm32cube.ide.mcu.externaltools.gnu-tools-for-stm32.11.3.rel1.linux64_1.1.0.202305231506/tools/bin/../lib/gcc/arm-none-eabi/11.3.1/thumb/v7e-m+fp/hard/libgcc.a
LOAD /opt/st/stm32cubeide_1.13.0/plugins/com.st.stm32cube.ide.mcu.externaltools.gnu-tools-for-stm32.11.3.rel1.linux64_1.1.0.202305231506/tools/bin/../lib/gcc/arm-none-eabi/11.3.1/../../../../arm-none-eabi/lib/thumb/v7e-m+fp/hard/libc_nano.a
LOAD /opt/st/stm32cubeide_1.13.0/plugins/com.st.stm32cube.ide.mcu.externaltools.gnu-tools-for-stm32.11.3.rel1.linux64_1.1.0.202305231506/tools/bin/../lib/gcc/arm-none-eabi/11.3.1/../../../../arm-none-eabi/lib/thumb/v7e-m+fp/hard/libnosys.a
END GROUP
START GROUP
LOAD /opt/st/stm32cubeide_1.13.0/plugins/com.st.stm32cube.ide.mcu.externaltools.gnu-tools-for-stm32.11.3.rel1.linux64_1.1.0.202305231506/tools/bin/../lib/gcc/arm-none-eabi/11.3.1/thumb/v7e-m+fp/hard/libgcc.a
LOAD /opt/st/stm32cubeide_1.13.0/plugins/com.st.stm32cube.ide.mcu.externaltools.gnu-tools-for-stm32.11.3.rel1.linux64_1.1.0.202305231506/tools/bin/../lib/gcc/arm-none-eabi/11.3.1/../../../../arm-none-eabi/lib/thumb/v7e-m+fp/hard/libc_nano.a
LOAD /opt/st/stm32cubeide_1.13.0/plugins/com.st.stm32cube.ide.mcu.externaltools.gnu-tools-for-stm32.11.3.rel1.linux64_1.1.0.202305231506/tools/bin/../lib/gcc/arm-none-eabi/11.3.1/../../../../arm-none-eabi/lib/thumb/v7e-m+fp/hard/libnosys.a
END GROUP
LOAD /opt/st/stm32cubeide_1.13.0/plugins/com.st.stm32cube.ide.mcu.externaltools.gnu-tools-for-stm32.11.3.rel1.linux64_1.1.0.202305231506/tools/bin/../lib/gcc/arm-none-eabi/11.3.1/thumb/v7e-m+fp/hard/crtend.o
LOAD /opt/st/stm32cubeide_1.13.0/plugins/com.st.stm32cube.ide.mcu.externaltools.gnu-tools-for-stm32.11.3.rel1.linux64_1.1.0.202305231506/tools/bin/../lib/gcc/arm-none-eabi/11.3.1/thumb/v7e-m+fp/hard/crtn.o
                0x0000000020020000                _estack = (ORIGIN (RAM) + LENGTH (RAM))
                0x0000000000000200                _Min_Heap_Size = 0x200
                0x0000000000000400                _Min_Stack_Size = 0x400

.isr_vector     0x0000000008000000      0x198
                0x0000000008000000                . = ALIGN (0x4)
 *(.isr_vector)
 .isr_vector    0x0000000008000000      0x198 ./Core/Startup/startup_stm32f411ceux.o
                0x0000000008000000                g_pfnVectors
                0x0000000008000198                . = ALIGN (0x4)

.text           0x0000000008000198     0x3c68
                0x0000000008000198                . = ALIGN (0x4)
 *(.text)
 .text          0x0000000008000198       0x40 /opt/st/stm32cubeide_1.13.0/plugins/com.st.stm32cube.ide.mcu.externaltools.gnu-tools-for-stm32.11.3.rel1.linux64_1.1.0.202305231506/tools/bin/../lib/gcc/arm-none-eabi/11.3.1/thumb/v7e-m+fp/hard/crtbegin.o
 .text          0x00000000080001d8       0x30 /opt/st/stm32cubeide_1.13.0/plugins/com.st.stm32cube.ide.mcu.externaltools.gnu-tools-for-stm32.11.3.rel1.linux64_1.1.0.202305231506/tools/bin/../lib/gcc/arm-none-eabi/11.3.1/thumb/v7e-m+fp/hard/libgcc.a(_aeabi_uldivmod.o)
                0x00000000080001d8                __aeabi_uldivmod
 .text          0x0000000008000208      0x2c8 /opt/st/stm32cubeide_1.13.0/plugins/com.st.stm32cube.ide.mcu.externaltools.gnu-tools-for-stm32.11.3.rel1.linux64_1.1.0.202305231506/tools/bin/../lib/gcc/arm-none-eabi/11.3.1/thumb/v7e-m+fp/hard/libgcc.a(_udivmoddi4.o)
                0x0000000008000208                __udivmoddi4
 .text          0x00000000080004d0        0x4 /opt/st/stm32cubeide_1.13.0/plugins/com.st.stm32cube.ide.mcu.externaltools.gnu-tools-for-stm32.11.3.rel1.linux64_1.1.0.202305231506/tools/bin/../lib/gcc/arm-none-eabi/11.3.1/thumb/v7e-m+fp/hard/libgcc.a(_dvmd_tls.o)
                0x00000000080004d0                __aeabi_ldiv0
                0x00000000080004d0                __aeabi_idiv0
 *(.text*)
 .text.MX_DMA_Init
                0x00000000080004d4       0x8c ./Core/Src/dma.o
                0x00000000080004d4                MX_DMA_Init
 .text.MX_GPIO_Init
                0x0000000008000560       0xec ./Core/Src/gpio.o
                0x0000000008000560                MX_GPIO_Init
 .text.lora_init
                0x000000000800064c       0x64 ./Core/Src/lora.o
                0x000000000800064c                lora_init
 .text.lora_set_mode
                0x00000000080006b0       0xb4 ./Core/Src/lora.o
                0x00000000080006b0                lora_set_mode
 .text.lora_read_model_data
                0x0000000008000764       0x58 ./Core/Src/lora.o
                0x0000000008000764                lora_read_model_data
 .text.lora_receive_callback
                0x00000000080007bc       0x88 ./Core/Src/lora.o
                0x00000000080007bc                lora_receive_callback
 .text.lora_set_ADDH
                0x0000000008000844       0x20 ./Core/Src/lora.o
                0x0000000008000844                lora_set_ADDH
 .text.lora_set_ADDL
                0x0000000008000864       0x20 ./Core/Src/lora.o
                0x0000000008000864                lora_set_ADDL
 .text.lora_set_speed
                0x0000000008000884       0x20 ./Core/Src/lora.o
                0x0000000008000884                lora_set_speed
 .text.lora_set_channel
                0x00000000080008a4       0x20 ./Core/Src/lora.o
                0x00000000080008a4                lora_set_channel
 .text.lora_set_option
                0x00000000080008c4       0x20 ./Core/Src/lora.o
                0x00000000080008c4                lora_set_option
 .text.lora_save_param
                0x00000000080008e4       0x54 ./Core/Src/lora.o
                0x00000000080008e4                lora_save_param
 .text.lora_serial_transmit
                0x0000000008000938       0x34 ./Core/Src/lora.o
                0x0000000008000938                lora_serial_transmit
 .text.lora_clear_buffer
                0x000000000800096c       0x44 ./Core/Src/lora.o
                0x000000000800096c                lora_clear_buffer
 .text.lora_complete_task
                0x00000000080009b0       0x7c ./Core/Src/lora.o
                0x00000000080009b0                lora_complete_task
 .text.lora_receive_routine
                0x0000000008000a2c       0x7c ./Core/Src/lora.o
                0x0000000008000a2c                lora_receive_routine
 .text.lora_decode_gps
                0x0000000008000aa8       0x80 ./Core/Src/lora.o
                0x0000000008000aa8                lora_decode_gps
 .text.main     0x0000000008000b28       0x3c ./Core/Src/main.o
                0x0000000008000b28                main
 .text.SystemClock_Config
                0x0000000008000b64       0xd0 ./Core/Src/main.o
                0x0000000008000b64                SystemClock_Config
 .text.HAL_UART_RxHalfCpltCallback
                0x0000000008000c34       0x28 ./Core/Src/main.o
                0x0000000008000c34                HAL_UART_RxHalfCpltCallback
 .text.Error_Handler
                0x0000000008000c5c        0xa ./Core/Src/main.o
                0x0000000008000c5c                Error_Handler
 *fill*         0x0000000008000c66        0x2 
 .text.HAL_MspInit
                0x0000000008000c68       0x50 ./Core/Src/stm32f4xx_hal_msp.o
                0x0000000008000c68                HAL_MspInit
 .text.NMI_Handler
                0x0000000008000cb8        0x6 ./Core/Src/stm32f4xx_it.o
                0x0000000008000cb8                NMI_Handler
 .text.HardFault_Handler
                0x0000000008000cbe        0x6 ./Core/Src/stm32f4xx_it.o
                0x0000000008000cbe                HardFault_Handler
 .text.MemManage_Handler
                0x0000000008000cc4        0x6 ./Core/Src/stm32f4xx_it.o
                0x0000000008000cc4                MemManage_Handler
 .text.BusFault_Handler
                0x0000000008000cca        0x6 ./Core/Src/stm32f4xx_it.o
                0x0000000008000cca                BusFault_Handler
 .text.UsageFault_Handler
                0x0000000008000cd0        0x6 ./Core/Src/stm32f4xx_it.o
                0x0000000008000cd0                UsageFault_Handler
 .text.SVC_Handler
                0x0000000008000cd6        0xe ./Core/Src/stm32f4xx_it.o
                0x0000000008000cd6                SVC_Handler
 .text.DebugMon_Handler
                0x0000000008000ce4        0xe ./Core/Src/stm32f4xx_it.o
                0x0000000008000ce4                DebugMon_Handler
 .text.PendSV_Handler
                0x0000000008000cf2        0xe ./Core/Src/stm32f4xx_it.o
                0x0000000008000cf2                PendSV_Handler
 .text.SysTick_Handler
                0x0000000008000d00        0xc ./Core/Src/stm32f4xx_it.o
                0x0000000008000d00                SysTick_Handler
 .text.DMA1_Stream5_IRQHandler
                0x0000000008000d0c       0x14 ./Core/Src/stm32f4xx_it.o
                0x0000000008000d0c                DMA1_Stream5_IRQHandler
 .text.DMA1_Stream6_IRQHandler
                0x0000000008000d20       0x14 ./Core/Src/stm32f4xx_it.o
                0x0000000008000d20                DMA1_Stream6_IRQHandler
 .text.USART1_IRQHandler
                0x0000000008000d34       0x14 ./Core/Src/stm32f4xx_it.o
                0x0000000008000d34                USART1_IRQHandler
 .text.USART2_IRQHandler
                0x0000000008000d48       0x14 ./Core/Src/stm32f4xx_it.o
                0x0000000008000d48                USART2_IRQHandler
 .text.DMA2_Stream2_IRQHandler
                0x0000000008000d5c       0x14 ./Core/Src/stm32f4xx_it.o
                0x0000000008000d5c                DMA2_Stream2_IRQHandler
 .text.DMA2_Stream7_IRQHandler
                0x0000000008000d70       0x14 ./Core/Src/stm32f4xx_it.o
                0x0000000008000d70                DMA2_Stream7_IRQHandler
 .text.SystemInit
                0x0000000008000d84       0x24 ./Core/Src/system_stm32f4xx.o
                0x0000000008000d84                SystemInit
 .text.MX_USART1_UART_Init
                0x0000000008000da8       0x54 ./Core/Src/usart.o
                0x0000000008000da8                MX_USART1_UART_Init
 .text.MX_USART2_UART_Init
                0x0000000008000dfc       0x54 ./Core/Src/usart.o
                0x0000000008000dfc                MX_USART2_UART_Init
 .text.HAL_UART_MspInit
                0x0000000008000e50      0x2b0 ./Core/Src/usart.o
                0x0000000008000e50                HAL_UART_MspInit
 .text.Reset_Handler
                0x0000000008001100       0x50 ./Core/Startup/startup_stm32f411ceux.o
                0x0000000008001100                Reset_Handler
 .text.Default_Handler
                0x0000000008001150        0x2 ./Core/Startup/startup_stm32f411ceux.o
                0x0000000008001150                RTC_Alarm_IRQHandler
                0x0000000008001150                EXTI2_IRQHandler
                0x0000000008001150                SPI4_IRQHandler
                0x0000000008001150                TIM1_CC_IRQHandler
                0x0000000008001150                DMA2_Stream5_IRQHandler
                0x0000000008001150                PVD_IRQHandler
                0x0000000008001150                SDIO_IRQHandler
                0x0000000008001150                TAMP_STAMP_IRQHandler
                0x0000000008001150                EXTI3_IRQHandler
                0x0000000008001150                TIM1_UP_TIM10_IRQHandler
                0x0000000008001150                I2C3_ER_IRQHandler
                0x0000000008001150                EXTI0_IRQHandler
                0x0000000008001150                I2C2_EV_IRQHandler
                0x0000000008001150                DMA1_Stream2_IRQHandler
                0x0000000008001150                FPU_IRQHandler
                0x0000000008001150                SPI1_IRQHandler
                0x0000000008001150                TIM1_BRK_TIM9_IRQHandler
                0x0000000008001150                DMA2_Stream3_IRQHandler
                0x0000000008001150                USART6_IRQHandler
                0x0000000008001150                DMA2_Stream0_IRQHandler
                0x0000000008001150                TIM4_IRQHandler
                0x0000000008001150                I2C1_EV_IRQHandler
                0x0000000008001150                DMA1_Stream1_IRQHandler
                0x0000000008001150                TIM3_IRQHandler
                0x0000000008001150                RCC_IRQHandler
                0x0000000008001150                Default_Handler
                0x0000000008001150                EXTI15_10_IRQHandler
                0x0000000008001150                ADC_IRQHandler
                0x0000000008001150                DMA1_Stream7_IRQHandler
                0x0000000008001150                SPI5_IRQHandler
                0x0000000008001150                TIM5_IRQHandler
                0x0000000008001150                I2C3_EV_IRQHandler
                0x0000000008001150                EXTI9_5_IRQHandler
                0x0000000008001150                RTC_WKUP_IRQHandler
                0x0000000008001150                SPI2_IRQHandler
                0x0000000008001150                DMA1_Stream0_IRQHandler
                0x0000000008001150                EXTI4_IRQHandler
                0x0000000008001150                WWDG_IRQHandler
                0x0000000008001150                TIM2_IRQHandler
                0x0000000008001150                OTG_FS_WKUP_IRQHandler
                0x0000000008001150                TIM1_TRG_COM_TIM11_IRQHandler
                0x0000000008001150                EXTI1_IRQHandler
                0x0000000008001150                I2C2_ER_IRQHandler
                0x0000000008001150                DMA2_Stream1_IRQHandler
                0x0000000008001150                FLASH_IRQHandler
                0x0000000008001150                DMA2_Stream4_IRQHandler
                0x0000000008001150                OTG_FS_IRQHandler
                0x0000000008001150                SPI3_IRQHandler
                0x0000000008001150                DMA1_Stream4_IRQHandler
                0x0000000008001150                I2C1_ER_IRQHandler
                0x0000000008001150                DMA2_Stream6_IRQHandler
                0x0000000008001150                DMA1_Stream3_IRQHandler
 *fill*         0x0000000008001152        0x2 
 .text.HAL_Init
                0x0000000008001154       0x44 ./Drivers/STM32F4xx_HAL_Driver/Src/stm32f4xx_hal.o
                0x0000000008001154                HAL_Init
 .text.HAL_InitTick
                0x0000000008001198       0x60 ./Drivers/STM32F4xx_HAL_Driver/Src/stm32f4xx_hal.o
                0x0000000008001198                HAL_InitTick
 .text.HAL_IncTick
                0x00000000080011f8       0x28 ./Drivers/STM32F4xx_HAL_Driver/Src/stm32f4xx_hal.o
                0x00000000080011f8                HAL_IncTick
 .text.HAL_GetTick
                0x0000000008001220       0x18 ./Drivers/STM32F4xx_HAL_Driver/Src/stm32f4xx_hal.o
                0x0000000008001220                HAL_GetTick
 .text.HAL_Delay
                0x0000000008001238       0x48 ./Drivers/STM32F4xx_HAL_Driver/Src/stm32f4xx_hal.o
                0x0000000008001238                HAL_Delay
 .text.__NVIC_SetPriorityGrouping
                0x0000000008001280       0x48 ./Drivers/STM32F4xx_HAL_Driver/Src/stm32f4xx_hal_cortex.o
 .text.__NVIC_GetPriorityGrouping
                0x00000000080012c8       0x1c ./Drivers/STM32F4xx_HAL_Driver/Src/stm32f4xx_hal_cortex.o
 .text.__NVIC_EnableIRQ
                0x00000000080012e4       0x3c ./Drivers/STM32F4xx_HAL_Driver/Src/stm32f4xx_hal_cortex.o
 .text.__NVIC_SetPriority
                0x0000000008001320       0x54 ./Drivers/STM32F4xx_HAL_Driver/Src/stm32f4xx_hal_cortex.o
 .text.NVIC_EncodePriority
                0x0000000008001374       0x66 ./Drivers/STM32F4xx_HAL_Driver/Src/stm32f4xx_hal_cortex.o
 *fill*         0x00000000080013da        0x2 
 .text.SysTick_Config
                0x00000000080013dc       0x44 ./Drivers/STM32F4xx_HAL_Driver/Src/stm32f4xx_hal_cortex.o
 .text.HAL_NVIC_SetPriorityGrouping
                0x0000000008001420       0x16 ./Drivers/STM32F4xx_HAL_Driver/Src/stm32f4xx_hal_cortex.o
                0x0000000008001420                HAL_NVIC_SetPriorityGrouping
 .text.HAL_NVIC_SetPriority
                0x0000000008001436       0x38 ./Drivers/STM32F4xx_HAL_Driver/Src/stm32f4xx_hal_cortex.o
                0x0000000008001436                HAL_NVIC_SetPriority
 .text.HAL_NVIC_EnableIRQ
                0x000000000800146e       0x1c ./Drivers/STM32F4xx_HAL_Driver/Src/stm32f4xx_hal_cortex.o
                0x000000000800146e                HAL_NVIC_EnableIRQ
 .text.HAL_SYSTICK_Config
                0x000000000800148a       0x18 ./Drivers/STM32F4xx_HAL_Driver/Src/stm32f4xx_hal_cortex.o
                0x000000000800148a                HAL_SYSTICK_Config
 *fill*         0x00000000080014a2        0x2 
 .text.HAL_DMA_Init
                0x00000000080014a4      0x15c ./Drivers/STM32F4xx_HAL_Driver/Src/stm32f4xx_hal_dma.o
                0x00000000080014a4                HAL_DMA_Init
 .text.HAL_DMA_Start_IT
                0x0000000008001600       0xb0 ./Drivers/STM32F4xx_HAL_Driver/Src/stm32f4xx_hal_dma.o
                0x0000000008001600                HAL_DMA_Start_IT
 .text.HAL_DMA_Abort
                0x00000000080016b0       0xe0 ./Drivers/STM32F4xx_HAL_Driver/Src/stm32f4xx_hal_dma.o
                0x00000000080016b0                HAL_DMA_Abort
 .text.HAL_DMA_Abort_IT
                0x0000000008001790       0x44 ./Drivers/STM32F4xx_HAL_Driver/Src/stm32f4xx_hal_dma.o
                0x0000000008001790                HAL_DMA_Abort_IT
 .text.HAL_DMA_IRQHandler
                0x00000000080017d4      0x314 ./Drivers/STM32F4xx_HAL_Driver/Src/stm32f4xx_hal_dma.o
                0x00000000080017d4                HAL_DMA_IRQHandler
 .text.DMA_SetConfig
                0x0000000008001ae8       0x5c ./Drivers/STM32F4xx_HAL_Driver/Src/stm32f4xx_hal_dma.o
 .text.DMA_CalcBaseAndBitshift
                0x0000000008001b44       0x6c ./Drivers/STM32F4xx_HAL_Driver/Src/stm32f4xx_hal_dma.o
 .text.DMA_CheckFifoParam
                0x0000000008001bb0       0xf8 ./Drivers/STM32F4xx_HAL_Driver/Src/stm32f4xx_hal_dma.o
 .text.HAL_GPIO_Init
                0x0000000008001ca8      0x308 ./Drivers/STM32F4xx_HAL_Driver/Src/stm32f4xx_hal_gpio.o
                0x0000000008001ca8                HAL_GPIO_Init
 .text.HAL_GPIO_ReadPin
                0x0000000008001fb0       0x30 ./Drivers/STM32F4xx_HAL_Driver/Src/stm32f4xx_hal_gpio.o
                0x0000000008001fb0                HAL_GPIO_ReadPin
 .text.HAL_GPIO_WritePin
                0x0000000008001fe0       0x32 ./Drivers/STM32F4xx_HAL_Driver/Src/stm32f4xx_hal_gpio.o
                0x0000000008001fe0                HAL_GPIO_WritePin
 *fill*         0x0000000008002012        0x2 
 .text.HAL_RCC_OscConfig
                0x0000000008002014      0x4f0 ./Drivers/STM32F4xx_HAL_Driver/Src/stm32f4xx_hal_rcc.o
                0x0000000008002014                HAL_RCC_OscConfig
 .text.HAL_RCC_ClockConfig
                0x0000000008002504      0x1cc ./Drivers/STM32F4xx_HAL_Driver/Src/stm32f4xx_hal_rcc.o
                0x0000000008002504                HAL_RCC_ClockConfig
 .text.HAL_RCC_GetSysClockFreq
                0x00000000080026d0      0x18c ./Drivers/STM32F4xx_HAL_Driver/Src/stm32f4xx_hal_rcc.o
                0x00000000080026d0                HAL_RCC_GetSysClockFreq
 .text.HAL_RCC_GetHCLKFreq
                0x000000000800285c       0x18 ./Drivers/STM32F4xx_HAL_Driver/Src/stm32f4xx_hal_rcc.o
                0x000000000800285c                HAL_RCC_GetHCLKFreq
 .text.HAL_RCC_GetPCLK1Freq
                0x0000000008002874       0x28 ./Drivers/STM32F4xx_HAL_Driver/Src/stm32f4xx_hal_rcc.o
                0x0000000008002874                HAL_RCC_GetPCLK1Freq
 .text.HAL_RCC_GetPCLK2Freq
                0x000000000800289c       0x28 ./Drivers/STM32F4xx_HAL_Driver/Src/stm32f4xx_hal_rcc.o
                0x000000000800289c                HAL_RCC_GetPCLK2Freq
 .text.HAL_UART_Init
                0x00000000080028c4       0x9a ./Drivers/STM32F4xx_HAL_Driver/Src/stm32f4xx_hal_uart.o
                0x00000000080028c4                HAL_UART_Init
 *fill*         0x000000000800295e        0x2 
 .text.HAL_UART_Transmit_DMA
                0x0000000008002960       0xfc ./Drivers/STM32F4xx_HAL_Driver/Src/stm32f4xx_hal_uart.o
                0x0000000008002960                HAL_UART_Transmit_DMA
 .text.HAL_UART_Receive_DMA
                0x0000000008002a5c       0x60 ./Drivers/STM32F4xx_HAL_Driver/Src/stm32f4xx_hal_uart.o
                0x0000000008002a5c                HAL_UART_Receive_DMA
 .text.HAL_UART_DMAStop
                0x0000000008002abc       0xfe ./Drivers/STM32F4xx_HAL_Driver/Src/stm32f4xx_hal_uart.o
                0x0000000008002abc                HAL_UART_DMAStop
 *fill*         0x0000000008002bba        0x2 
 .text.HAL_UART_IRQHandler
                0x0000000008002bbc      0x51c ./Drivers/STM32F4xx_HAL_Driver/Src/stm32f4xx_hal_uart.o
                0x0000000008002bbc                HAL_UART_IRQHandler
 .text.HAL_UART_TxCpltCallback
                0x00000000080030d8       0x14 ./Drivers/STM32F4xx_HAL_Driver/Src/stm32f4xx_hal_uart.o
                0x00000000080030d8                HAL_UART_TxCpltCallback
 .text.HAL_UART_TxHalfCpltCallback
                0x00000000080030ec       0x14 ./Drivers/STM32F4xx_HAL_Driver/Src/stm32f4xx_hal_uart.o
                0x00000000080030ec                HAL_UART_TxHalfCpltCallback
 .text.HAL_UART_RxCpltCallback
                0x0000000008003100       0x14 ./Drivers/STM32F4xx_HAL_Driver/Src/stm32f4xx_hal_uart.o
                0x0000000008003100                HAL_UART_RxCpltCallback
 .text.HAL_UART_ErrorCallback
                0x0000000008003114       0x14 ./Drivers/STM32F4xx_HAL_Driver/Src/stm32f4xx_hal_uart.o
                0x0000000008003114                HAL_UART_ErrorCallback
 .text.HAL_UARTEx_RxEventCallback
                0x0000000008003128       0x18 ./Drivers/STM32F4xx_HAL_Driver/Src/stm32f4xx_hal_uart.o
                0x0000000008003128                HAL_UARTEx_RxEventCallback
 .text.UART_DMATransmitCplt
                0x0000000008003140       0x9a ./Drivers/STM32F4xx_HAL_Driver/Src/stm32f4xx_hal_uart.o
 .text.UART_DMATxHalfCplt
                0x00000000080031da       0x1c ./Drivers/STM32F4xx_HAL_Driver/Src/stm32f4xx_hal_uart.o
 .text.UART_DMAReceiveCplt
                0x00000000080031f6      0x126 ./Drivers/STM32F4xx_HAL_Driver/Src/stm32f4xx_hal_uart.o
 .text.UART_DMARxHalfCplt
                0x000000000800331c       0x36 ./Drivers/STM32F4xx_HAL_Driver/Src/stm32f4xx_hal_uart.o
 .text.UART_DMAError
                0x0000000008003352       0x94 ./Drivers/STM32F4xx_HAL_Driver/Src/stm32f4xx_hal_uart.o
 *fill*         0x00000000080033e6        0x2 
 .text.UART_Start_Receive_DMA
                0x00000000080033e8      0x13c ./Drivers/STM32F4xx_HAL_Driver/Src/stm32f4xx_hal_uart.o
                0x00000000080033e8                UART_Start_Receive_DMA
 .text.UART_EndTxTransfer
                0x0000000008003524       0x50 ./Drivers/STM32F4xx_HAL_Driver/Src/stm32f4xx_hal_uart.o
 .text.UART_EndRxTransfer
                0x0000000008003574       0xc6 ./Drivers/STM32F4xx_HAL_Driver/Src/stm32f4xx_hal_uart.o
 .text.UART_DMAAbortOnError
                0x000000000800363a       0x28 ./Drivers/STM32F4xx_HAL_Driver/Src/stm32f4xx_hal_uart.o
 .text.UART_Transmit_IT
                0x0000000008003662       0xa0 ./Drivers/STM32F4xx_HAL_Driver/Src/stm32f4xx_hal_uart.o
 .text.UART_EndTransmit_IT
                0x0000000008003702       0x30 ./Drivers/STM32F4xx_HAL_Driver/Src/stm32f4xx_hal_uart.o
 .text.UART_Receive_IT
                0x0000000008003732      0x176 ./Drivers/STM32F4xx_HAL_Driver/Src/stm32f4xx_hal_uart.o
 .text.UART_SetConfig
                0x00000000080038a8      0x4e8 ./Drivers/STM32F4xx_HAL_Driver/Src/stm32f4xx_hal_uart.o
 .text.memset   0x0000000008003d90       0x10 /opt/st/stm32cubeide_1.13.0/plugins/com.st.stm32cube.ide.mcu.externaltools.gnu-tools-for-stm32.11.3.rel1.linux64_1.1.0.202305231506/tools/bin/../lib/gcc/arm-none-eabi/11.3.1/../../../../arm-none-eabi/lib/thumb/v7e-m+fp/hard/libc_nano.a(libc_a-memset.o)
                0x0000000008003d90                memset
 .text.__libc_init_array
                0x0000000008003da0       0x48 /opt/st/stm32cubeide_1.13.0/plugins/com.st.stm32cube.ide.mcu.externaltools.gnu-tools-for-stm32.11.3.rel1.linux64_1.1.0.202305231506/tools/bin/../lib/gcc/arm-none-eabi/11.3.1/../../../../arm-none-eabi/lib/thumb/v7e-m+fp/hard/libc_nano.a(libc_a-init.o)
                0x0000000008003da0                __libc_init_array
 *(.glue_7)
 .glue_7        0x0000000008003de8        0x0 linker stubs
 *(.glue_7t)
 .glue_7t       0x0000000008003de8        0x0 linker stubs
 *(.eh_frame)
 .eh_frame      0x0000000008003de8        0x0 /opt/st/stm32cubeide_1.13.0/plugins/com.st.stm32cube.ide.mcu.externaltools.gnu-tools-for-stm32.11.3.rel1.linux64_1.1.0.202305231506/tools/bin/../lib/gcc/arm-none-eabi/11.3.1/thumb/v7e-m+fp/hard/crtbegin.o
 *(.init)
 .init          0x0000000008003de8        0x4 /opt/st/stm32cubeide_1.13.0/plugins/com.st.stm32cube.ide.mcu.externaltools.gnu-tools-for-stm32.11.3.rel1.linux64_1.1.0.202305231506/tools/bin/../lib/gcc/arm-none-eabi/11.3.1/thumb/v7e-m+fp/hard/crti.o
                0x0000000008003de8                _init
 .init          0x0000000008003dec        0x8 /opt/st/stm32cubeide_1.13.0/plugins/com.st.stm32cube.ide.mcu.externaltools.gnu-tools-for-stm32.11.3.rel1.linux64_1.1.0.202305231506/tools/bin/../lib/gcc/arm-none-eabi/11.3.1/thumb/v7e-m+fp/hard/crtn.o
 *(.fini)
 .fini          0x0000000008003df4        0x4 /opt/st/stm32cubeide_1.13.0/plugins/com.st.stm32cube.ide.mcu.externaltools.gnu-tools-for-stm32.11.3.rel1.linux64_1.1.0.202305231506/tools/bin/../lib/gcc/arm-none-eabi/11.3.1/thumb/v7e-m+fp/hard/crti.o
                0x0000000008003df4                _fini
 .fini          0x0000000008003df8        0x8 /opt/st/stm32cubeide_1.13.0/plugins/com.st.stm32cube.ide.mcu.externaltools.gnu-tools-for-stm32.11.3.rel1.linux64_1.1.0.202305231506/tools/bin/../lib/gcc/arm-none-eabi/11.3.1/thumb/v7e-m+fp/hard/crtn.o
                0x0000000008003e00                . = ALIGN (0x4)
                0x0000000008003e00                _etext = .

.vfp11_veneer   0x0000000008003e00        0x0
 .vfp11_veneer  0x0000000008003e00        0x0 linker stubs

.v4_bx          0x0000000008003e00        0x0
 .v4_bx         0x0000000008003e00        0x0 linker stubs

.iplt           0x0000000008003e00        0x0
 .iplt          0x0000000008003e00        0x0 /opt/st/stm32cubeide_1.13.0/plugins/com.st.stm32cube.ide.mcu.externaltools.gnu-tools-for-stm32.11.3.rel1.linux64_1.1.0.202305231506/tools/bin/../lib/gcc/arm-none-eabi/11.3.1/thumb/v7e-m+fp/hard/crtbegin.o

.rodata         0x0000000008003e00       0x20
                0x0000000008003e00                . = ALIGN (0x4)
 *(.rodata)
 *(.rodata*)
 .rodata.AHBPrescTable
                0x0000000008003e00       0x10 ./Core/Src/system_stm32f4xx.o
                0x0000000008003e00                AHBPrescTable
 .rodata.APBPrescTable
                0x0000000008003e10        0x8 ./Core/Src/system_stm32f4xx.o
                0x0000000008003e10                APBPrescTable
 .rodata.flagBitshiftOffset.0
                0x0000000008003e18        0x8 ./Drivers/STM32F4xx_HAL_Driver/Src/stm32f4xx_hal_dma.o
                0x0000000008003e20                . = ALIGN (0x4)

.ARM.extab      0x0000000008003e20        0x0
                0x0000000008003e20                . = ALIGN (0x4)
 *(.ARM.extab* .gnu.linkonce.armextab.*)
                0x0000000008003e20                . = ALIGN (0x4)

.ARM            0x0000000008003e20        0x8
                0x0000000008003e20                . = ALIGN (0x4)
                0x0000000008003e20                __exidx_start = .
 *(.ARM.exidx*)
 .ARM.exidx     0x0000000008003e20        0x8 /opt/st/stm32cubeide_1.13.0/plugins/com.st.stm32cube.ide.mcu.externaltools.gnu-tools-for-stm32.11.3.rel1.linux64_1.1.0.202305231506/tools/bin/../lib/gcc/arm-none-eabi/11.3.1/thumb/v7e-m+fp/hard/libgcc.a(_udivmoddi4.o)
                0x0000000008003e28                __exidx_end = .
                0x0000000008003e28                . = ALIGN (0x4)

.rel.dyn        0x0000000008003e28        0x0
 .rel.iplt      0x0000000008003e28        0x0 /opt/st/stm32cubeide_1.13.0/plugins/com.st.stm32cube.ide.mcu.externaltools.gnu-tools-for-stm32.11.3.rel1.linux64_1.1.0.202305231506/tools/bin/../lib/gcc/arm-none-eabi/11.3.1/thumb/v7e-m+fp/hard/crtbegin.o

.preinit_array  0x0000000008003e28        0x0
                0x0000000008003e28                . = ALIGN (0x4)
                0x0000000008003e28                PROVIDE (__preinit_array_start = .)
 *(.preinit_array*)
                0x0000000008003e28                PROVIDE (__preinit_array_end = .)
                0x0000000008003e28                . = ALIGN (0x4)

.init_array     0x0000000008003e28        0x4
                0x0000000008003e28                . = ALIGN (0x4)
                0x0000000008003e28                PROVIDE (__init_array_start = .)
 *(SORT_BY_NAME(.init_array.*))
 *(.init_array*)
 .init_array    0x0000000008003e28        0x4 /opt/st/stm32cubeide_1.13.0/plugins/com.st.stm32cube.ide.mcu.externaltools.gnu-tools-for-stm32.11.3.rel1.linux64_1.1.0.202305231506/tools/bin/../lib/gcc/arm-none-eabi/11.3.1/thumb/v7e-m+fp/hard/crtbegin.o
                0x0000000008003e2c                PROVIDE (__init_array_end = .)
                0x0000000008003e2c                . = ALIGN (0x4)

.fini_array     0x0000000008003e2c        0x4
                0x0000000008003e2c                . = ALIGN (0x4)
                [!provide]                        PROVIDE (__fini_array_start = .)
 *(SORT_BY_NAME(.fini_array.*))
 *(.fini_array*)
 .fini_array    0x0000000008003e2c        0x4 /opt/st/stm32cubeide_1.13.0/plugins/com.st.stm32cube.ide.mcu.externaltools.gnu-tools-for-stm32.11.3.rel1.linux64_1.1.0.202305231506/tools/bin/../lib/gcc/arm-none-eabi/11.3.1/thumb/v7e-m+fp/hard/crtbegin.o
                [!provide]                        PROVIDE (__fini_array_end = .)
                0x0000000008003e30                . = ALIGN (0x4)
                0x0000000008003e30                _sidata = LOADADDR (.data)

.data           0x0000000020000000        0xc load address 0x0000000008003e30
                0x0000000020000000                . = ALIGN (0x4)
                0x0000000020000000                _sdata = .
 *(.data)
 *(.data*)
 .data.SystemCoreClock
                0x0000000020000000        0x4 ./Core/Src/system_stm32f4xx.o
                0x0000000020000000                SystemCoreClock
 .data.uwTickPrio
                0x0000000020000004        0x4 ./Drivers/STM32F4xx_HAL_Driver/Src/stm32f4xx_hal.o
                0x0000000020000004                uwTickPrio
 .data.uwTickFreq
                0x0000000020000008        0x1 ./Drivers/STM32F4xx_HAL_Driver/Src/stm32f4xx_hal.o
                0x0000000020000008                uwTickFreq
 *(.RamFunc)
 *(.RamFunc*)
                0x000000002000000c                . = ALIGN (0x4)
 *fill*         0x0000000020000009        0x3 
                0x000000002000000c                _edata = .

.igot.plt       0x000000002000000c        0x0 load address 0x0000000008003e3c
 .igot.plt      0x000000002000000c        0x0 /opt/st/stm32cubeide_1.13.0/plugins/com.st.stm32cube.ide.mcu.externaltools.gnu-tools-for-stm32.11.3.rel1.linux64_1.1.0.202305231506/tools/bin/../lib/gcc/arm-none-eabi/11.3.1/thumb/v7e-m+fp/hard/crtbegin.o
                0x000000002000000c                . = ALIGN (0x4)

.bss            0x000000002000000c      0x284 load address 0x0000000008003e3c
                0x000000002000000c                _sbss = .
                0x000000002000000c                __bss_start__ = _sbss
 *(.bss)
 .bss           0x000000002000000c       0x1c /opt/st/stm32cubeide_1.13.0/plugins/com.st.stm32cube.ide.mcu.externaltools.gnu-tools-for-stm32.11.3.rel1.linux64_1.1.0.202305231506/tools/bin/../lib/gcc/arm-none-eabi/11.3.1/thumb/v7e-m+fp/hard/crtbegin.o
 *(.bss*)
 .bss.lora_huart
                0x0000000020000028        0x4 ./Core/Src/lora.o
                0x0000000020000028                lora_huart
 .bss.lora      0x000000002000002c        0x5 ./Core/Src/lora.o
                0x000000002000002c                lora
 *fill*         0x0000000020000031        0x3 
 .bss.lora_txbuff
                0x0000000020000034        0x6 ./Core/Src/lora.o
                0x0000000020000034                lora_txbuff
 *fill*         0x000000002000003a        0x2 
 .bss.lora_param
                0x000000002000003c        0x6 ./Core/Src/lora.o
                0x000000002000003c                lora_param
 .bss.lora_dummy_rxbuff
                0x0000000020000042        0x1 ./Core/Src/lora.o
                0x0000000020000042                lora_dummy_rxbuff
 .bss.aux       0x0000000020000043        0x1 ./Core/Src/lora.o
                0x0000000020000043                aux
 .bss.lora_rxbuf
                0x0000000020000044       0x17 ./Core/Src/lora.o
                0x0000000020000044                lora_rxbuf
 .bss.rxloraflag
                0x000000002000005b        0x1 ./Core/Src/lora.o
                0x000000002000005b                rxloraflag
 .bss.lora_rxstat
                0x000000002000005c        0x1 ./Core/Src/lora.o
                0x000000002000005c                lora_rxstat
 .bss.lora_callback
                0x000000002000005d        0x1 ./Core/Src/lora.o
                0x000000002000005d                lora_callback
 *fill*         0x000000002000005e        0x2 
 .bss.gpsData   0x0000000020000060       0x1c ./Core/Src/lora.o
                0x0000000020000060                gpsData
 .bss.rxdelay.1
                0x000000002000007c        0x4 ./Core/Src/lora.o
 .bss.flag      0x0000000020000080        0x1 ./Core/Src/main.o
                0x0000000020000080                flag
 .bss.callback  0x0000000020000081        0x1 ./Core/Src/main.o
                0x0000000020000081                callback
 *fill*         0x0000000020000082        0x2 
 .bss.huart1    0x0000000020000084       0x44 ./Core/Src/usart.o
                0x0000000020000084                huart1
 .bss.huart2    0x00000000200000c8       0x44 ./Core/Src/usart.o
                0x00000000200000c8                huart2
 .bss.hdma_usart1_rx
                0x000000002000010c       0x60 ./Core/Src/usart.o
                0x000000002000010c                hdma_usart1_rx
 .bss.hdma_usart1_tx
                0x000000002000016c       0x60 ./Core/Src/usart.o
                0x000000002000016c                hdma_usart1_tx
 .bss.hdma_usart2_rx
                0x00000000200001cc       0x60 ./Core/Src/usart.o
                0x00000000200001cc                hdma_usart2_rx
 .bss.hdma_usart2_tx
                0x000000002000022c       0x60 ./Core/Src/usart.o
                0x000000002000022c                hdma_usart2_tx
 .bss.uwTick    0x000000002000028c        0x4 ./Drivers/STM32F4xx_HAL_Driver/Src/stm32f4xx_hal.o
                0x000000002000028c                uwTick
 *(COMMON)
                0x0000000020000290                . = ALIGN (0x4)
                0x0000000020000290                _ebss = .
                0x0000000020000290                __bss_end__ = _ebss

._user_heap_stack
                0x0000000020000290      0x600 load address 0x0000000008003e3c
                0x0000000020000290                . = ALIGN (0x8)
                [!provide]                        PROVIDE (end = .)
                0x0000000020000290                PROVIDE (_end = .)
                0x0000000020000490                . = (. + _Min_Heap_Size)
 *fill*         0x0000000020000290      0x200 
                0x0000000020000890                . = (. + _Min_Stack_Size)
 *fill*         0x0000000020000490      0x400 
                0x0000000020000890                . = ALIGN (0x8)

/DISCARD/
 libc.a(*)
 libm.a(*)
 libgcc.a(*)

.ARM.attributes
                0x0000000000000000       0x30
 *(.ARM.attributes)
 .ARM.attributes
                0x0000000000000000       0x1e /opt/st/stm32cubeide_1.13.0/plugins/com.st.stm32cube.ide.mcu.externaltools.gnu-tools-for-stm32.11.3.rel1.linux64_1.1.0.202305231506/tools/bin/../lib/gcc/arm-none-eabi/11.3.1/thumb/v7e-m+fp/hard/crti.o
 .ARM.attributes
                0x000000000000001e       0x34 /opt/st/stm32cubeide_1.13.0/plugins/com.st.stm32cube.ide.mcu.externaltools.gnu-tools-for-stm32.11.3.rel1.linux64_1.1.0.202305231506/tools/bin/../lib/gcc/arm-none-eabi/11.3.1/thumb/v7e-m+fp/hard/crtbegin.o
 .ARM.attributes
                0x0000000000000052       0x34 ./Core/Src/dma.o
 .ARM.attributes
                0x0000000000000086       0x34 ./Core/Src/gpio.o
 .ARM.attributes
                0x00000000000000ba       0x34 ./Core/Src/lora.o
 .ARM.attributes
                0x00000000000000ee       0x34 ./Core/Src/main.o
 .ARM.attributes
                0x0000000000000122       0x34 ./Core/Src/stm32f4xx_hal_msp.o
 .ARM.attributes
                0x0000000000000156       0x34 ./Core/Src/stm32f4xx_it.o
 .ARM.attributes
                0x000000000000018a       0x34 ./Core/Src/system_stm32f4xx.o
 .ARM.attributes
                0x00000000000001be       0x34 ./Core/Src/usart.o
 .ARM.attributes
                0x00000000000001f2       0x21 ./Core/Startup/startup_stm32f411ceux.o
 .ARM.attributes
                0x0000000000000213       0x34 ./Drivers/STM32F4xx_HAL_Driver/Src/stm32f4xx_hal.o
 .ARM.attributes
                0x0000000000000247       0x34 ./Drivers/STM32F4xx_HAL_Driver/Src/stm32f4xx_hal_cortex.o
 .ARM.attributes
                0x000000000000027b       0x34 ./Drivers/STM32F4xx_HAL_Driver/Src/stm32f4xx_hal_dma.o
 .ARM.attributes
                0x00000000000002af       0x34 ./Drivers/STM32F4xx_HAL_Driver/Src/stm32f4xx_hal_gpio.o
 .ARM.attributes
                0x00000000000002e3       0x34 ./Drivers/STM32F4xx_HAL_Driver/Src/stm32f4xx_hal_rcc.o
 .ARM.attributes
                0x0000000000000317       0x34 ./Drivers/STM32F4xx_HAL_Driver/Src/stm32f4xx_hal_uart.o
 .ARM.attributes
                0x000000000000034b       0x34 /opt/st/stm32cubeide_1.13.0/plugins/com.st.stm32cube.ide.mcu.externaltools.gnu-tools-for-stm32.11.3.rel1.linux64_1.1.0.202305231506/tools/bin/../lib/gcc/arm-none-eabi/11.3.1/../../../../arm-none-eabi/lib/thumb/v7e-m+fp/hard/libc_nano.a(libc_a-memset.o)
 .ARM.attributes
                0x000000000000037f       0x34 /opt/st/stm32cubeide_1.13.0/plugins/com.st.stm32cube.ide.mcu.externaltools.gnu-tools-for-stm32.11.3.rel1.linux64_1.1.0.202305231506/tools/bin/../lib/gcc/arm-none-eabi/11.3.1/../../../../arm-none-eabi/lib/thumb/v7e-m+fp/hard/libc_nano.a(libc_a-init.o)
 .ARM.attributes
                0x00000000000003b3       0x1e /opt/st/stm32cubeide_1.13.0/plugins/com.st.stm32cube.ide.mcu.externaltools.gnu-tools-for-stm32.11.3.rel1.linux64_1.1.0.202305231506/tools/bin/../lib/gcc/arm-none-eabi/11.3.1/thumb/v7e-m+fp/hard/libgcc.a(_aeabi_uldivmod.o)
 .ARM.attributes
                0x00000000000003d1       0x34 /opt/st/stm32cubeide_1.13.0/plugins/com.st.stm32cube.ide.mcu.externaltools.gnu-tools-for-stm32.11.3.rel1.linux64_1.1.0.202305231506/tools/bin/../lib/gcc/arm-none-eabi/11.3.1/thumb/v7e-m+fp/hard/libgcc.a(_udivmoddi4.o)
 .ARM.attributes
                0x0000000000000405       0x1e /opt/st/stm32cubeide_1.13.0/plugins/com.st.stm32cube.ide.mcu.externaltools.gnu-tools-for-stm32.11.3.rel1.linux64_1.1.0.202305231506/tools/bin/../lib/gcc/arm-none-eabi/11.3.1/thumb/v7e-m+fp/hard/libgcc.a(_dvmd_tls.o)
 .ARM.attributes
                0x0000000000000423       0x1e /opt/st/stm32cubeide_1.13.0/plugins/com.st.stm32cube.ide.mcu.externaltools.gnu-tools-for-stm32.11.3.rel1.linux64_1.1.0.202305231506/tools/bin/../lib/gcc/arm-none-eabi/11.3.1/thumb/v7e-m+fp/hard/crtn.o
OUTPUT(lora_server.elf elf32-littlearm)
LOAD linker stubs
LOAD /opt/st/stm32cubeide_1.13.0/plugins/com.st.stm32cube.ide.mcu.externaltools.gnu-tools-for-stm32.11.3.rel1.linux64_1.1.0.202305231506/tools/bin/../lib/gcc/arm-none-eabi/11.3.1/../../../../arm-none-eabi/lib/thumb/v7e-m+fp/hard/libc.a
LOAD /opt/st/stm32cubeide_1.13.0/plugins/com.st.stm32cube.ide.mcu.externaltools.gnu-tools-for-stm32.11.3.rel1.linux64_1.1.0.202305231506/tools/bin/../lib/gcc/arm-none-eabi/11.3.1/../../../../arm-none-eabi/lib/thumb/v7e-m+fp/hard/libm.a
LOAD /opt/st/stm32cubeide_1.13.0/plugins/com.st.stm32cube.ide.mcu.externaltools.gnu-tools-for-stm32.11.3.rel1.linux64_1.1.0.202305231506/tools/bin/../lib/gcc/arm-none-eabi/11.3.1/thumb/v7e-m+fp/hard/libgcc.a

.comment        0x0000000000000000       0x43
 .comment       0x0000000000000000       0x43 /opt/st/stm32cubeide_1.13.0/plugins/com.st.stm32cube.ide.mcu.externaltools.gnu-tools-for-stm32.11.3.rel1.linux64_1.1.0.202305231506/tools/bin/../lib/gcc/arm-none-eabi/11.3.1/thumb/v7e-m+fp/hard/crtbegin.o
                                         0x44 (size before relaxing)
 .comment       0x0000000000000043       0x44 ./Core/Src/dma.o
 .comment       0x0000000000000043       0x44 ./Core/Src/gpio.o
 .comment       0x0000000000000043       0x44 ./Core/Src/lora.o
 .comment       0x0000000000000043       0x44 ./Core/Src/main.o
 .comment       0x0000000000000043       0x44 ./Core/Src/stm32f4xx_hal_msp.o
 .comment       0x0000000000000043       0x44 ./Core/Src/stm32f4xx_it.o
 .comment       0x0000000000000043       0x44 ./Core/Src/system_stm32f4xx.o
 .comment       0x0000000000000043       0x44 ./Core/Src/usart.o
 .comment       0x0000000000000043       0x44 ./Drivers/STM32F4xx_HAL_Driver/Src/stm32f4xx_hal.o
 .comment       0x0000000000000043       0x44 ./Drivers/STM32F4xx_HAL_Driver/Src/stm32f4xx_hal_cortex.o
 .comment       0x0000000000000043       0x44 ./Drivers/STM32F4xx_HAL_Driver/Src/stm32f4xx_hal_dma.o
 .comment       0x0000000000000043       0x44 ./Drivers/STM32F4xx_HAL_Driver/Src/stm32f4xx_hal_gpio.o
 .comment       0x0000000000000043       0x44 ./Drivers/STM32F4xx_HAL_Driver/Src/stm32f4xx_hal_rcc.o
 .comment       0x0000000000000043       0x44 ./Drivers/STM32F4xx_HAL_Driver/Src/stm32f4xx_hal_uart.o

.debug_info     0x0000000000000000     0x9707
 .debug_info    0x0000000000000000      0x45e ./Core/Src/dma.o
 .debug_info    0x000000000000045e      0x417 ./Core/Src/gpio.o
 .debug_info    0x0000000000000875      0xbd9 ./Core/Src/lora.o
 .debug_info    0x000000000000144e      0xa2d ./Core/Src/main.o
 .debug_info    0x0000000000001e7b      0x291 ./Core/Src/stm32f4xx_hal_msp.o
 .debug_info    0x000000000000210c      0x6bd ./Core/Src/stm32f4xx_it.o
 .debug_info    0x00000000000027c9      0x53e ./Core/Src/system_stm32f4xx.o
 .debug_info    0x0000000000002d07      0xbd3 ./Core/Src/usart.o
 .debug_info    0x00000000000038da       0x23 ./Core/Startup/startup_stm32f411ceux.o
 .debug_info    0x00000000000038fd      0x8c4 ./Drivers/STM32F4xx_HAL_Driver/Src/stm32f4xx_hal.o
 .debug_info    0x00000000000041c1      0xcb6 ./Drivers/STM32F4xx_HAL_Driver/Src/stm32f4xx_hal_cortex.o
 .debug_info    0x0000000000004e77      0x8e6 ./Drivers/STM32F4xx_HAL_Driver/Src/stm32f4xx_hal_dma.o
 .debug_info    0x000000000000575d      0x6f9 ./Drivers/STM32F4xx_HAL_Driver/Src/stm32f4xx_hal_gpio.o
 .debug_info    0x0000000000005e56      0x8f2 ./Drivers/STM32F4xx_HAL_Driver/Src/stm32f4xx_hal_rcc.o
 .debug_info    0x0000000000006748     0x2fbf ./Drivers/STM32F4xx_HAL_Driver/Src/stm32f4xx_hal_uart.o

.debug_abbrev   0x0000000000000000     0x1c52
 .debug_abbrev  0x0000000000000000      0x11b ./Core/Src/dma.o
 .debug_abbrev  0x000000000000011b      0x151 ./Core/Src/gpio.o
 .debug_abbrev  0x000000000000026c      0x26f ./Core/Src/lora.o
 .debug_abbrev  0x00000000000004db      0x26c ./Core/Src/main.o
 .debug_abbrev  0x0000000000000747       0xd8 ./Core/Src/stm32f4xx_hal_msp.o
 .debug_abbrev  0x000000000000081f      0x19e ./Core/Src/stm32f4xx_it.o
 .debug_abbrev  0x00000000000009bd      0x11a ./Core/Src/system_stm32f4xx.o
 .debug_abbrev  0x0000000000000ad7      0x233 ./Core/Src/usart.o
 .debug_abbrev  0x0000000000000d0a       0x12 ./Core/Startup/startup_stm32f411ceux.o
 .debug_abbrev  0x0000000000000d1c      0x24b ./Drivers/STM32F4xx_HAL_Driver/Src/stm32f4xx_hal.o
 .debug_abbrev  0x0000000000000f67      0x327 ./Drivers/STM32F4xx_HAL_Driver/Src/stm32f4xx_hal_cortex.o
 .debug_abbrev  0x000000000000128e      0x221 ./Drivers/STM32F4xx_HAL_Driver/Src/stm32f4xx_hal_dma.o
 .debug_abbrev  0x00000000000014af      0x1d3 ./Drivers/STM32F4xx_HAL_Driver/Src/stm32f4xx_hal_gpio.o
 .debug_abbrev  0x0000000000001682      0x2b5 ./Drivers/STM32F4xx_HAL_Driver/Src/stm32f4xx_hal_rcc.o
 .debug_abbrev  0x0000000000001937      0x31b ./Drivers/STM32F4xx_HAL_Driver/Src/stm32f4xx_hal_uart.o

.debug_aranges  0x0000000000000000      0x7c0
 .debug_aranges
                0x0000000000000000       0x20 ./Core/Src/dma.o
 .debug_aranges
                0x0000000000000020       0x20 ./Core/Src/gpio.o
 .debug_aranges
                0x0000000000000040       0x98 ./Core/Src/lora.o
 .debug_aranges
                0x00000000000000d8       0x38 ./Core/Src/main.o
 .debug_aranges
                0x0000000000000110       0x20 ./Core/Src/stm32f4xx_hal_msp.o
 .debug_aranges
                0x0000000000000130       0x90 ./Core/Src/stm32f4xx_it.o
 .debug_aranges
                0x00000000000001c0       0x28 ./Core/Src/system_stm32f4xx.o
 .debug_aranges
                0x00000000000001e8       0x38 ./Core/Src/usart.o
 .debug_aranges
                0x0000000000000220       0x28 ./Core/Startup/startup_stm32f411ceux.o
 .debug_aranges
                0x0000000000000248       0xf0 ./Drivers/STM32F4xx_HAL_Driver/Src/stm32f4xx_hal.o
 .debug_aranges
                0x0000000000000338      0x118 ./Drivers/STM32F4xx_HAL_Driver/Src/stm32f4xx_hal_cortex.o
 .debug_aranges
                0x0000000000000450       0x90 ./Drivers/STM32F4xx_HAL_Driver/Src/stm32f4xx_hal_dma.o
 .debug_aranges
                0x00000000000004e0       0x58 ./Drivers/STM32F4xx_HAL_Driver/Src/stm32f4xx_hal_gpio.o
 .debug_aranges
                0x0000000000000538       0x88 ./Drivers/STM32F4xx_HAL_Driver/Src/stm32f4xx_hal_rcc.o
 .debug_aranges
                0x00000000000005c0      0x200 ./Drivers/STM32F4xx_HAL_Driver/Src/stm32f4xx_hal_uart.o

.debug_rnglists
                0x0000000000000000      0x5db
 .debug_rnglists
                0x0000000000000000       0x14 ./Core/Src/dma.o
 .debug_rnglists
                0x0000000000000014       0x14 ./Core/Src/gpio.o
 .debug_rnglists
                0x0000000000000028       0x70 ./Core/Src/lora.o
 .debug_rnglists
                0x0000000000000098       0x26 ./Core/Src/main.o
 .debug_rnglists
                0x00000000000000be       0x13 ./Core/Src/stm32f4xx_hal_msp.o
 .debug_rnglists
                0x00000000000000d1       0x67 ./Core/Src/stm32f4xx_it.o
 .debug_rnglists
                0x0000000000000138       0x1a ./Core/Src/system_stm32f4xx.o
 .debug_rnglists
                0x0000000000000152       0x27 ./Core/Src/usart.o
 .debug_rnglists
                0x0000000000000179       0x19 ./Core/Startup/startup_stm32f411ceux.o
 .debug_rnglists
                0x0000000000000192       0xaf ./Drivers/STM32F4xx_HAL_Driver/Src/stm32f4xx_hal.o
 .debug_rnglists
                0x0000000000000241       0xce ./Drivers/STM32F4xx_HAL_Driver/Src/stm32f4xx_hal_cortex.o
 .debug_rnglists
                0x000000000000030f       0x70 ./Drivers/STM32F4xx_HAL_Driver/Src/stm32f4xx_hal_dma.o
 .debug_rnglists
                0x000000000000037f       0x3f ./Drivers/STM32F4xx_HAL_Driver/Src/stm32f4xx_hal_gpio.o
 .debug_rnglists
                0x00000000000003be       0x66 ./Drivers/STM32F4xx_HAL_Driver/Src/stm32f4xx_hal_rcc.o
 .debug_rnglists
                0x0000000000000424      0x1b7 ./Drivers/STM32F4xx_HAL_Driver/Src/stm32f4xx_hal_uart.o

.debug_macro    0x0000000000000000     0x19fd
 .debug_macro   0x0000000000000000      0x1ce ./Core/Src/dma.o
 .debug_macro   0x00000000000001ce      0x1ce ./Core/Src/gpio.o
 .debug_macro   0x000000000000039c      0x1e3 ./Core/Src/lora.o
 .debug_macro   0x000000000000057f       0x3a ./Core/Src/lora.o
 .debug_macro   0x00000000000005b9      0x1fd ./Core/Src/main.o
 .debug_macro   0x00000000000007b6       0x40 ./Core/Src/main.o
 .debug_macro   0x00000000000007f6      0x1c4 ./Core/Src/stm32f4xx_hal_msp.o
 .debug_macro   0x00000000000009ba      0x1ce ./Core/Src/stm32f4xx_it.o
 .debug_macro   0x0000000000000b88      0x1ba ./Core/Src/system_stm32f4xx.o
 .debug_macro   0x0000000000000d42      0x1ce ./Core/Src/usart.o
 .debug_macro   0x0000000000000f10      0x21a ./Drivers/STM32F4xx_HAL_Driver/Src/stm32f4xx_hal.o
 .debug_macro   0x000000000000112a      0x1ba ./Drivers/STM32F4xx_HAL_Driver/Src/stm32f4xx_hal_cortex.o
 .debug_macro   0x00000000000012e4      0x1c0 ./Drivers/STM32F4xx_HAL_Driver/Src/stm32f4xx_hal_dma.o
 .debug_macro   0x00000000000014a4      0x1c0 ./Drivers/STM32F4xx_HAL_Driver/Src/stm32f4xx_hal_gpio.o
 .debug_macro   0x0000000000001664      0x1de ./Drivers/STM32F4xx_HAL_Driver/Src/stm32f4xx_hal_rcc.o
 .debug_macro   0x0000000000001842      0x1bb ./Drivers/STM32F4xx_HAL_Driver/Src/stm32f4xx_hal_uart.o

.debug_line     0x0000000000000000     0x9f43
 .debug_line    0x0000000000000000      0x65d ./Core/Src/dma.o
 .debug_line    0x000000000000065d      0x681 ./Core/Src/gpio.o
 .debug_line    0x0000000000000cde      0x91a ./Core/Src/lora.o
 .debug_line    0x00000000000015f8      0x72b ./Core/Src/main.o
 .debug_line    0x0000000000001d23      0x65b ./Core/Src/stm32f4xx_hal_msp.o
 .debug_line    0x000000000000237e      0x7ad ./Core/Src/stm32f4xx_it.o
 .debug_line    0x0000000000002b2b      0x6dc ./Core/Src/system_stm32f4xx.o
 .debug_line    0x0000000000003207      0x7d2 ./Core/Src/usart.o
 .debug_line    0x00000000000039d9       0x7a ./Core/Startup/startup_stm32f411ceux.o
 .debug_line    0x0000000000003a53      0x942 ./Drivers/STM32F4xx_HAL_Driver/Src/stm32f4xx_hal.o
 .debug_line    0x0000000000004395      0xbf1 ./Drivers/STM32F4xx_HAL_Driver/Src/stm32f4xx_hal_cortex.o
 .debug_line    0x0000000000004f86      0xea6 ./Drivers/STM32F4xx_HAL_Driver/Src/stm32f4xx_hal_dma.o
 .debug_line    0x0000000000005e2c      0xa7a ./Drivers/STM32F4xx_HAL_Driver/Src/stm32f4xx_hal_gpio.o
 .debug_line    0x00000000000068a6      0xcb9 ./Drivers/STM32F4xx_HAL_Driver/Src/stm32f4xx_hal_rcc.o
 .debug_line    0x000000000000755f     0x29e4 ./Drivers/STM32F4xx_HAL_Driver/Src/stm32f4xx_hal_uart.o

.debug_str      0x0000000000000000    0x81ed9
 .debug_str     0x0000000000000000    0x7fbb9 ./Core/Src/dma.o
                                      0x7fe28 (size before relaxing)
 .debug_str     0x000000000007fbb9       0xe9 ./Core/Src/gpio.o
                                      0x7fb2e (size before relaxing)
 .debug_str     0x000000000007fca2      0x7d0 ./Core/Src/lora.o
                                      0x801ea (size before relaxing)
 .debug_str     0x0000000000080472      0x1e5 ./Core/Src/main.o
                                      0x801cf (size before relaxing)
 .debug_str     0x0000000000080657       0x2c ./Core/Src/stm32f4xx_hal_msp.o
                                      0x7fa63 (size before relaxing)
 .debug_str     0x0000000000080683      0x1b7 ./Core/Src/stm32f4xx_it.o
                                      0x7ff27 (size before relaxing)
 .debug_str     0x000000000008083a       0xdb ./Core/Src/system_stm32f4xx.o
                                      0x7fb13 (size before relaxing)
 .debug_str     0x0000000000080915       0x91 ./Core/Src/usart.o
                                      0x80412 (size before relaxing)
 .debug_str     0x00000000000809a6       0x34 ./Core/Startup/startup_stm32f411ceux.o
                                         0x72 (size before relaxing)
 .debug_str     0x00000000000809da      0x601 ./Drivers/STM32F4xx_HAL_Driver/Src/stm32f4xx_hal.o
                                      0x8053f (size before relaxing)
 .debug_str     0x0000000000080fdb      0x32d ./Drivers/STM32F4xx_HAL_Driver/Src/stm32f4xx_hal_cortex.o
                                      0x80260 (size before relaxing)
 .debug_str     0x0000000000081308      0x2f1 ./Drivers/STM32F4xx_HAL_Driver/Src/stm32f4xx_hal_dma.o
                                      0x7ff1b (size before relaxing)
 .debug_str     0x00000000000815f9      0x110 ./Drivers/STM32F4xx_HAL_Driver/Src/stm32f4xx_hal_gpio.o
                                      0x7fc8e (size before relaxing)
 .debug_str     0x0000000000081709      0x233 ./Drivers/STM32F4xx_HAL_Driver/Src/stm32f4xx_hal_rcc.o
                                      0x7ff47 (size before relaxing)
 .debug_str     0x000000000008193c      0x59d ./Drivers/STM32F4xx_HAL_Driver/Src/stm32f4xx_hal_uart.o
                                      0x804d4 (size before relaxing)

.debug_frame    0x0000000000000000     0x1d80
 .debug_frame   0x0000000000000000       0x34 ./Core/Src/dma.o
 .debug_frame   0x0000000000000034       0x34 ./Core/Src/gpio.o
 .debug_frame   0x0000000000000068      0x248 ./Core/Src/lora.o
 .debug_frame   0x00000000000002b0       0x8c ./Core/Src/main.o
 .debug_frame   0x000000000000033c       0x38 ./Core/Src/stm32f4xx_hal_msp.o
 .debug_frame   0x0000000000000374      0x1ac ./Core/Src/stm32f4xx_it.o
 .debug_frame   0x0000000000000520       0x58 ./Core/Src/system_stm32f4xx.o
 .debug_frame   0x0000000000000578       0x94 ./Core/Src/usart.o
 .debug_frame   0x000000000000060c      0x374 ./Drivers/STM32F4xx_HAL_Driver/Src/stm32f4xx_hal.o
 .debug_frame   0x0000000000000980      0x498 ./Drivers/STM32F4xx_HAL_Driver/Src/stm32f4xx_hal_cortex.o
 .debug_frame   0x0000000000000e18      0x250 ./Drivers/STM32F4xx_HAL_Driver/Src/stm32f4xx_hal_dma.o
 .debug_frame   0x0000000000001068      0x14c ./Drivers/STM32F4xx_HAL_Driver/Src/stm32f4xx_hal_gpio.o
 .debug_frame   0x00000000000011b4      0x1f4 ./Drivers/STM32F4xx_HAL_Driver/Src/stm32f4xx_hal_rcc.o
 .debug_frame   0x00000000000013a8      0x92c ./Drivers/STM32F4xx_HAL_Driver/Src/stm32f4xx_hal_uart.o
 .debug_frame   0x0000000000001cd4       0x20 /opt/st/stm32cubeide_1.13.0/plugins/com.st.stm32cube.ide.mcu.externaltools.gnu-tools-for-stm32.11.3.rel1.linux64_1.1.0.202305231506/tools/bin/../lib/gcc/arm-none-eabi/11.3.1/../../../../arm-none-eabi/lib/thumb/v7e-m+fp/hard/libc_nano.a(libc_a-memset.o)
 .debug_frame   0x0000000000001cf4       0x2c /opt/st/stm32cubeide_1.13.0/plugins/com.st.stm32cube.ide.mcu.externaltools.gnu-tools-for-stm32.11.3.rel1.linux64_1.1.0.202305231506/tools/bin/../lib/gcc/arm-none-eabi/11.3.1/../../../../arm-none-eabi/lib/thumb/v7e-m+fp/hard/libc_nano.a(libc_a-init.o)
 .debug_frame   0x0000000000001d20       0x2c /opt/st/stm32cubeide_1.13.0/plugins/com.st.stm32cube.ide.mcu.externaltools.gnu-tools-for-stm32.11.3.rel1.linux64_1.1.0.202305231506/tools/bin/../lib/gcc/arm-none-eabi/11.3.1/thumb/v7e-m+fp/hard/libgcc.a(_aeabi_uldivmod.o)
 .debug_frame   0x0000000000001d4c       0x34 /opt/st/stm32cubeide_1.13.0/plugins/com.st.stm32cube.ide.mcu.externaltools.gnu-tools-for-stm32.11.3.rel1.linux64_1.1.0.202305231506/tools/bin/../lib/gcc/arm-none-eabi/11.3.1/thumb/v7e-m+fp/hard/libgcc.a(_udivmoddi4.o)

.debug_line_str
                0x0000000000000000       0x66
 .debug_line_str
                0x0000000000000000       0x66 ./Core/Startup/startup_stm32f411ceux.o
                                         0x7e (size before relaxing)
