../Core/Src/lora.c:33:6:lora_init	16	static
../Core/Src/lora.c:46:6:lora_set_mode	16	static
../Core/Src/lora.c:71:6:lora_read_model_data	8	static
../Core/Src/lora.c:86:6:lora_receive_callback	16	static
../Core/Src/lora.c:102:6:lora_set_ADDH	16	static
../Core/Src/lora.c:106:6:lora_set_ADDL	16	static
../Core/Src/lora.c:110:6:lora_set_speed	16	static
../Core/Src/lora.c:114:6:lora_set_channel	16	static
../Core/Src/lora.c:118:6:lora_set_option	16	static
../Core/Src/lora.c:122:6:lora_save_param	16	static
../Core/Src/lora.c:135:6:lora_serial_transmit	16	static
../Core/Src/lora.c:141:6:lora_clear_buffer	16	static
../Core/Src/lora.c:148:6:lora_complete_task	24	static
../Core/Src/lora.c:161:6:lora_receive_routine	8	static
../Core/Src/lora.c:171:6:lora_wireless_transmit_routine	8	static
../Core/Src/lora.c:201:6:lora_decode_gps	4	static
